============================= test session starts =============================
platform win32 -- Python 3.14.3, pytest-9.0.2, pluggy-1.6.0
rootdir: D:\Pet Is My Family\pet_is_my_family
plugins: anyio-4.12.1, mock-3.15.1
collected 6 items

tests\admin_tests\test_extract_data.py ..                                [ 33%]
tests\admin_tests\test_image_handler.py ..                               [ 66%]
tests\admin_tests\test_integration_mock.py ..                            [100%]

============================== 6 passed in 1.06s ==============================
